I[2022-06-25|07:19:41.409][31488] Starting node. module=main mode=
I[2022-06-25|07:19:41.412][31488:1]    Starting ABCI with Tendermint. module=main 
I[2022-06-25|07:19:41.412][31488:1]    Publishing logs is disabled. module=main 
I[2022-06-25|07:19:41.493][31488:1]    Starting OKC. module=main GenesisHeight=0 MercuryHeight=1 VenusHeight=1 MarsHeight=0
I[2022-06-25|07:19:41.512][31488:1]    All flags:
	abci                                         = socket
	active-view-change                           = false
	address                                      = tcp://0.0.0.0:26658
	append-pid                                   = true
	applyblock-pprof-time                        = -1
	auto_fast_sync                               = true
	block-compress-flag                          = 0
	block-compress-threshold                     = 512
	block-compress-type                          = 0
	block-part-size                              = 16
	broadcast-mode                               = sync
	broadcast-period-second                      = 10
	chain-id                                     = exchain-67
	check_watchdb                                = false
	close-mutex                                  = false
	commit-gap-height                            = 100
	compress-flag                                = 0
	compress-type                                = 0
	config.apollo                                = 
	config.enable-dynamic                        = false
	consensus-role                               = v2
	consensus-testcase                           = 
	consensus.create_empty_blocks                = true
	consensus.create_empty_blocks_interval       = 0s
	consensus.peer_gossip_sleep_duration         = 100ms
	consensus.peer_query_maj23_sleep_duration    = 2s
	consensus.skip_timeout_commit                = false
	consensus.switch_to_fast_sync_interval       = 30s
	consensus.timeout_commit                     = 6s
	consensus.timeout_consensus                  = 1s
	consensus.timeout_precommit                  = 1s
	consensus.timeout_precommit_delta            = 500ms
	consensus.timeout_prevote                    = 1s
	consensus.timeout_prevote_delta              = 500ms
	consensus.timeout_propose                    = 3s
	consensus.timeout_propose_delta              = 500ms
	consensus.wal_file                           = data/cs.wal/wal
	cors                                         = 
	cpu-profile                                  = 
	db_backend                                   = goleveldb
	db_dir                                       = data
	debug-api                                    = false
	debug.gc-interval                            = 0
	deliver-txs-concurrent-num                   = 0
	deliver-txs-mode                             = 0
	delta-buffer-size                            = 10
	delta-redis-auth                             = 
	delta-redis-db                               = 0
	delta-redis-expire                           = 300
	delta-redis-url                              = localhost:6379
	delta-version                                = 9
	disable-abci-query-mutex                     = false
	disable-checktx                              = false
	disable-sanity                               = false
	download-delta                               = false
	dynamic-gp-weight                            = 80
	elapsed                                      = DeliverTxs=0,Round=1,CommitRound=1,Produce=1
	enable-analyzer                              = false
	enable-blockpart-ack                         = false
	enable-bloom-filter                          = false
	enable-dynamic-gp                            = false
	enable-flat-kv                               = false
	enable-gid                                   = true
	enable-preruntx                              = false
	enable-repair-state                          = false
	enable-tx-pool                               = false
	enable-wtx                                   = false
	evm-import-mode                              = default
	evm-import-path                              = 
	export-keystore                              = false
	fast-lru                                     = 1000
	fast-query                                   = false
	fast-query-threshold                         = 0
	fast_sync                                    = true
	fastsync.version                             = v0
	filter_peers                                 = false
	gas-limit-buffer                             = 50
	genesis_file                                 = config/genesis.json
	genesis_hash                                 = 
	goleveldb.opts                               = 
	gops                                         = false
	goroutine-num                                = 0
	gu_factor                                    = 0.4
	halt-height                                  = 0
	halt-time                                    = 0
	help                                         = false
	home                                         = /Users/oker/workspace/exchain/dev/testnet/cache/node2/exchaind
	iavl-cache-init-ratio                        = 1
	iavl-cache-size                              = 1000000
	iavl-commit-interval-height                  = 100
	iavl-enable-async-commit                     = false
	iavl-height-orphans-cache-size               = 8
	iavl-max-committed-height-num                = 30
	iavl-min-commit-item-count                   = 1000000
	iavl-output-modules                          = [evm=1,acc=1]
	instrumentation.log_file                     = cache/node0/exchaind/exchaind.log
	instrumentation.log_stdout                   = true
	instrumentation.max_open_connections         = 3
	instrumentation.namespace                    = tendermint
	instrumentation.prometheus                   = true
	instrumentation.prometheus_listen_addr       = :26660
	inter-block-cache                            = true
	inv-check-period                             = 0
	keyring-backend                              = test
	local-rpc-port                               = 
	local_perf                                   = 
	log-server                                   = 
	log_file                                     = /Users/oker/.exchaind/exchaind.log
	log_format                                   = plain
	log_level                                    = main:info,*:error,consensus:error,state:info,distr:debug,gov:debug,staking:debug
	log_stdout                                   = true
	logs-height-span                             = 2000
	max-open                                     = 1000
	mempool.broadcast                            = true
	mempool.cache_size                           = 10000
	mempool.enable_pending_pool                  = false
	mempool.force_recheck_gap                    = 2000
	mempool.max_gas_used_per_block               = -1
	mempool.max_tx_bytes                         = 1048576
	mempool.max_tx_num_per_block                 = 300
	mempool.max_txs_bytes                        = 1073741824
	mempool.node_key_whitelist                   = 0b066ca0790f27a6595560b23bf1a1193f100797,3813c7011932b18f27f172f0de2347871d27e852,6ea83a21a43c30a280a3139f6f23d737104b6975,bab6c32fa95f3a54ecb7d32869e32e85a25d2e08,testnet-node-ids
	mempool.pending_pool_max_tx_per_address      = 100
	mempool.pending_pool_period                  = 3
	mempool.pending_pool_reserve_blocks          = 100
	mempool.pending_pool_size                    = 50000
	mempool.recheck                              = false
	mempool.sealed                               = false
	mempool.size                                 = 10000
	mempool.sort_tx_by_gp                        = true
	mempool.tx_price_bump                        = 10
	minimum-gas-prices                           = 0.0000000001okt
	moniker                                      = node2
	multi-cache                                  = true
	multi-cache-acc                              = 0
	multi-cache-storage                          = 0
	netstat                                      = 
	node-mode                                    = 
	node_key_file                                = config/node_key.json
	oss-access-key-id                            = 
	oss-access-key-secret                        = 
	oss-bucket-name                              = 
	oss-enable                                   = false
	oss-endpoint                                 = 
	oss-object-path                              = 
	p2p.addr_book_file                           = config/addrbook.json
	p2p.addr_book_strict                         = false
	p2p.allow_duplicate_ip                       = true
	p2p.dial_timeout                             = 3s
	p2p.external_address                         = 
	p2p.flush_throttle_timeout                   = 100ms
	p2p.handshake_timeout                        = 20s
	p2p.laddr                                    = tcp://127.0.0.1:26856
	p2p.max_num_inbound_peers                    = 40
	p2p.max_num_outbound_peers                   = 10
	p2p.max_packet_msg_payload_size              = 1024
	p2p.persistent_peers                         = 0b066ca0790f27a6595560b23bf1a1193f100797@127.0.0.1:26656,3813c7011932b18f27f172f0de2347871d27e852@127.0.0.1:26756,bab6c32fa95f3a54ecb7d32869e32e85a25d2e08@127.0.0.1:26956
	p2p.persistent_peers_max_dial_period         = 0s
	p2p.pex                                      = false
	p2p.private_peer_ids                         = 
	p2p.recv_rate                                = 5120000
	p2p.seed_mode                                = false
	p2p.seeds                                    = 0b066ca0790f27a6595560b23bf1a1193f100797@127.0.0.1:26656
	p2p.send_rate                                = 5120000
	p2p.sentry_addrs                             = 
	p2p.unconditional_peer_ids                   = 
	p2p.upnp                                     = false
	pendingtx.kafka-addr                         = 
	pendingtx.kafka-topic                        = 
	personal-api                                 = true
	pprof-auto-dump                              = false
	pprof-collect-interval                       = 5s
	pprof-cool-down                              = 3m
	pprof-cpu-trigger-percent-abs                = 50
	pprof-cpu-trigger-percent-diff               = 50
	pprof-cpu-trigger-percent-min                = 45
	pprof-mem-trigger-percent-abs                = 75
	pprof-mem-trigger-percent-diff               = 50
	pprof-mem-trigger-percent-min                = 70
	pprof-trigger-abci-elapsed                   = 5000
	pprof-use-cgroup                             = false
	priv_validator_key_file                      = config/priv_validator_key.json
	priv_validator_laddr                         = 
	priv_validator_state_file                    = data/priv_validator_state.json
	prof_laddr                                   = localhost:6060
	proxy_app                                    = tcp://127.0.0.1:26658
	pruning                                      = default
	pruning-interval                             = 0
	pruning-keep-every                           = 0
	pruning-keep-recent                          = 0
	pruning-max-worldstate-num                   = 0
	rest.application_name                        = 
	rest.external_laddr                          = 127.0.0.1:26659
	rest.laddr                                   = tcp://localhost:8745
	rest.nacos_namespace_id                      = 
	rest.nacos_urls                              = 
	rest.path_prefix                             = exchain
	rest.unlock_key                              = 
	rest.unlock_key_home                         = /Users/oker/.exchaincli
	rocksdb.opts                                 = 
	rpc-block-cache                              = 30000
	rpc-tx-cache                                 = 100000
	rpc.cors_allowed_headers                     = [Origin Accept Content-Type X-Requested-With X-Server-Time]
	rpc.cors_allowed_methods                     = [HEAD GET POST]
	rpc.cors_allowed_origins                     = []
	rpc.disable-api                              = 
	rpc.enable-monitor                           = false
	rpc.enable-multi-call                        = false
	rpc.external_laddr                           = 127.0.0.1:26657
	rpc.grpc_laddr                               = 
	rpc.grpc_max_open_connections                = 900
	rpc.laddr                                    = tcp://127.0.0.1:26857
	rpc.max_body_bytes                           = 1000000
	rpc.max_header_bytes                         = 1048576
	rpc.max_open_connections                     = 900
	rpc.max_subscription_clients                 = 100
	rpc.max_subscriptions_per_client             = 1000
	rpc.rate-limit-api                           = 
	rpc.rate-limit-burst                         = 1
	rpc.rate-limit-count                         = 0
	rpc.timeout_broadcast_tx_commit              = 10s
	rpc.tls_cert_file                            = 
	rpc.tls_key_file                             = 
	rpc.tmrpc_application_name                   = 
	rpc.tmrpc_nacos_namespace_id                 = 
	rpc.tmrpc_nacos_urls                         = 
	rpc.unsafe                                   = false
	signature-cache-size                         = 200000
	trace                                        = false
	trace-store                                  = 
	trie.account-store-cache                     = 32
	trie.cache-size                              = 2048
	trie.dirty-disabled                          = false
	trie.imgs-limit                              = 4
	trie.nodes-limit                             = 256
	trie.rocksdb-batch-size                      = 10
	trie.use-composite-key                       = false
	trie.write-ahead                             = false
	tx-pool-cap                                  = 10000
	tx_index.index_all_keys                      = true
	tx_index.index_keys                          = 
	tx_index.indexer                             = kv
	unsafe-skip-upgrades                         = []
	upload-delta                                 = false
	wasm.memory_cache_size                       = 100
	wasm.query_gas_limit                         = 3000000
	wasm.simulation_gas_limit                    = 
	ws.max_connections                           = 20000
	ws.sub_channel_length                        = 100
	wsport                                       = 8546
. module=main 
I[2022-06-25|07:19:42.034][31488:1]    DeltaContext init. module=state uploadDelta=false downloadDelta=false buffer-size=0
I[2022-06-25|07:19:42.037][31488:1]    startInProcess. module=main ConsensusStateChainID=exchain-67 GenesisDocChainID=exchain-67
E[2022-06-25|07:19:42.269][31488:242]  Error dialing peer. module=p2p err="dial tcp 127.0.0.1:26956: connect: connection refused"
E[2022-06-25|07:19:43.557][31488:243]  Error dialing peer. module=p2p err="dial tcp 127.0.0.1:26756: connect: connection refused"
E[2022-06-25|07:19:44.146][31488:244]  Error dialing peer. module=p2p err="dial tcp 127.0.0.1:26656: connect: connection refused"
E[2022-06-25|07:19:48.976][31488:246]  Not stopping State service -- has not been started yet. module=consensus impl=ConsensusState
E[2022-06-25|07:19:48.976][31488:228]  Stopped accept routine, as transport is closed. module=p2p numPeers=0
Close App
I[2022-06-25|07:19:48.977][31488:246]  exiting.... module=main 
I[2022-06-25|07:19:49.085][31505] Starting node. module=main mode=
I[2022-06-25|07:19:49.088][31505:1]    Starting ABCI with Tendermint. module=main 
I[2022-06-25|07:19:49.088][31505:1]    Publishing logs is disabled. module=main 
I[2022-06-25|07:19:49.167][31505:1]    Starting OKC. module=main GenesisHeight=0 MercuryHeight=1 VenusHeight=1 MarsHeight=0
I[2022-06-25|07:19:49.185][31505:1]    All flags:
	abci                                         = socket
	active-view-change                           = false
	address                                      = tcp://0.0.0.0:26658
	append-pid                                   = true
	applyblock-pprof-time                        = -1
	auto_fast_sync                               = true
	block-compress-flag                          = 0
	block-compress-threshold                     = 512
	block-compress-type                          = 0
	block-part-size                              = 16
	broadcast-mode                               = sync
	broadcast-period-second                      = 10
	chain-id                                     = exchain-67
	check_watchdb                                = false
	close-mutex                                  = false
	commit-gap-height                            = 100
	compress-flag                                = 0
	compress-type                                = 0
	config.apollo                                = 
	config.enable-dynamic                        = false
	consensus-role                               = v1
	consensus-testcase                           = 
	consensus.create_empty_blocks                = true
	consensus.create_empty_blocks_interval       = 0s
	consensus.peer_gossip_sleep_duration         = 100ms
	consensus.peer_query_maj23_sleep_duration    = 2s
	consensus.skip_timeout_commit                = false
	consensus.switch_to_fast_sync_interval       = 30s
	consensus.timeout_commit                     = 6s
	consensus.timeout_consensus                  = 1s
	consensus.timeout_precommit                  = 1s
	consensus.timeout_precommit_delta            = 500ms
	consensus.timeout_prevote                    = 1s
	consensus.timeout_prevote_delta              = 500ms
	consensus.timeout_propose                    = 3s
	consensus.timeout_propose_delta              = 500ms
	consensus.wal_file                           = data/cs.wal/wal
	cors                                         = 
	cpu-profile                                  = 
	db_backend                                   = goleveldb
	db_dir                                       = data
	debug-api                                    = false
	debug.gc-interval                            = 0
	deliver-txs-concurrent-num                   = 0
	deliver-txs-mode                             = 0
	delta-buffer-size                            = 10
	delta-redis-auth                             = 
	delta-redis-db                               = 0
	delta-redis-expire                           = 300
	delta-redis-url                              = localhost:6379
	delta-version                                = 9
	disable-abci-query-mutex                     = false
	disable-checktx                              = false
	disable-sanity                               = false
	download-delta                               = false
	dynamic-gp-weight                            = 80
	elapsed                                      = DeliverTxs=0,Round=1,CommitRound=1,Produce=1
	enable-analyzer                              = false
	enable-blockpart-ack                         = false
	enable-bloom-filter                          = false
	enable-dynamic-gp                            = false
	enable-flat-kv                               = false
	enable-gid                                   = true
	enable-preruntx                              = false
	enable-repair-state                          = false
	enable-tx-pool                               = false
	enable-wtx                                   = false
	evm-import-mode                              = default
	evm-import-path                              = 
	export-keystore                              = false
	fast-lru                                     = 1000
	fast-query                                   = false
	fast-query-threshold                         = 0
	fast_sync                                    = true
	fastsync.version                             = v0
	filter_peers                                 = false
	gas-limit-buffer                             = 50
	genesis_file                                 = config/genesis.json
	genesis_hash                                 = 
	goleveldb.opts                               = 
	gops                                         = false
	goroutine-num                                = 0
	gu_factor                                    = 0.4
	halt-height                                  = 0
	halt-time                                    = 0
	help                                         = false
	home                                         = /Users/oker/workspace/exchain/dev/testnet/cache/node1/exchaind
	iavl-cache-init-ratio                        = 1
	iavl-cache-size                              = 1000000
	iavl-commit-interval-height                  = 100
	iavl-enable-async-commit                     = false
	iavl-height-orphans-cache-size               = 8
	iavl-max-committed-height-num                = 30
	iavl-min-commit-item-count                   = 1000000
	iavl-output-modules                          = [evm=1,acc=1]
	instrumentation.log_file                     = cache/node0/exchaind/exchaind.log
	instrumentation.log_stdout                   = true
	instrumentation.max_open_connections         = 3
	instrumentation.namespace                    = tendermint
	instrumentation.prometheus                   = true
	instrumentation.prometheus_listen_addr       = :26660
	inter-block-cache                            = true
	inv-check-period                             = 0
	keyring-backend                              = test
	local-rpc-port                               = 
	local_perf                                   = 
	log-server                                   = 
	log_file                                     = /Users/oker/.exchaind/exchaind.log
	log_format                                   = plain
	log_level                                    = main:info,*:error,consensus:error,state:info,distr:debug,gov:debug,staking:debug
	log_stdout                                   = true
	logs-height-span                             = 2000
	max-open                                     = 1000
	mempool.broadcast                            = true
	mempool.cache_size                           = 10000
	mempool.enable_pending_pool                  = false
	mempool.force_recheck_gap                    = 2000
	mempool.max_gas_used_per_block               = -1
	mempool.max_tx_bytes                         = 1048576
	mempool.max_tx_num_per_block                 = 300
	mempool.max_txs_bytes                        = 1073741824
	mempool.node_key_whitelist                   = 0b066ca0790f27a6595560b23bf1a1193f100797,3813c7011932b18f27f172f0de2347871d27e852,6ea83a21a43c30a280a3139f6f23d737104b6975,bab6c32fa95f3a54ecb7d32869e32e85a25d2e08,testnet-node-ids
	mempool.pending_pool_max_tx_per_address      = 100
	mempool.pending_pool_period                  = 3
	mempool.pending_pool_reserve_blocks          = 100
	mempool.pending_pool_size                    = 50000
	mempool.recheck                              = false
	mempool.sealed                               = false
	mempool.size                                 = 10000
	mempool.sort_tx_by_gp                        = true
	mempool.tx_price_bump                        = 10
	minimum-gas-prices                           = 0.0000000001okt
	moniker                                      = node1
	multi-cache                                  = true
	multi-cache-acc                              = 0
	multi-cache-storage                          = 0
	netstat                                      = 
	node-mode                                    = 
	node_key_file                                = config/node_key.json
	oss-access-key-id                            = 
	oss-access-key-secret                        = 
	oss-bucket-name                              = 
	oss-enable                                   = false
	oss-endpoint                                 = 
	oss-object-path                              = 
	p2p.addr_book_file                           = config/addrbook.json
	p2p.addr_book_strict                         = false
	p2p.allow_duplicate_ip                       = true
	p2p.dial_timeout                             = 3s
	p2p.external_address                         = 
	p2p.flush_throttle_timeout                   = 100ms
	p2p.handshake_timeout                        = 20s
	p2p.laddr                                    = tcp://127.0.0.1:26756
	p2p.max_num_inbound_peers                    = 40
	p2p.max_num_outbound_peers                   = 10
	p2p.max_packet_msg_payload_size              = 1024
	p2p.persistent_peers                         = 0b066ca0790f27a6595560b23bf1a1193f100797@127.0.0.1:26656,6ea83a21a43c30a280a3139f6f23d737104b6975@127.0.0.1:26856,bab6c32fa95f3a54ecb7d32869e32e85a25d2e08@127.0.0.1:26956
	p2p.persistent_peers_max_dial_period         = 0s
	p2p.pex                                      = false
	p2p.private_peer_ids                         = 
	p2p.recv_rate                                = 5120000
	p2p.seed_mode                                = false
	p2p.seeds                                    = 0b066ca0790f27a6595560b23bf1a1193f100797@127.0.0.1:26656
	p2p.send_rate                                = 5120000
	p2p.sentry_addrs                             = 
	p2p.unconditional_peer_ids                   = 
	p2p.upnp                                     = false
	pendingtx.kafka-addr                         = 
	pendingtx.kafka-topic                        = 
	personal-api                                 = true
	pprof-auto-dump                              = false
	pprof-collect-interval                       = 5s
	pprof-cool-down                              = 3m
	pprof-cpu-trigger-percent-abs                = 50
	pprof-cpu-trigger-percent-diff               = 50
	pprof-cpu-trigger-percent-min                = 45
	pprof-mem-trigger-percent-abs                = 75
	pprof-mem-trigger-percent-diff               = 50
	pprof-mem-trigger-percent-min                = 70
	pprof-trigger-abci-elapsed                   = 5000
	pprof-use-cgroup                             = false
	priv_validator_key_file                      = config/priv_validator_key.json
	priv_validator_laddr                         = 
	priv_validator_state_file                    = data/priv_validator_state.json
	prof_laddr                                   = localhost:6060
	proxy_app                                    = tcp://127.0.0.1:26658
	pruning                                      = default
	pruning-interval                             = 0
	pruning-keep-every                           = 0
	pruning-keep-recent                          = 0
	pruning-max-worldstate-num                   = 0
	rest.application_name                        = 
	rest.external_laddr                          = 127.0.0.1:26659
	rest.laddr                                   = tcp://localhost:8645
	rest.nacos_namespace_id                      = 
	rest.nacos_urls                              = 
	rest.path_prefix                             = exchain
	rest.unlock_key                              = 
	rest.unlock_key_home                         = /Users/oker/.exchaincli
	rocksdb.opts                                 = 
	rpc-block-cache                              = 30000
	rpc-tx-cache                                 = 100000
	rpc.cors_allowed_headers                     = [Origin Accept Content-Type X-Requested-With X-Server-Time]
	rpc.cors_allowed_methods                     = [HEAD GET POST]
	rpc.cors_allowed_origins                     = []
	rpc.disable-api                              = 
	rpc.enable-monitor                           = false
	rpc.enable-multi-call                        = false
	rpc.external_laddr                           = 127.0.0.1:26657
	rpc.grpc_laddr                               = 
	rpc.grpc_max_open_connections                = 900
	rpc.laddr                                    = tcp://127.0.0.1:26757
	rpc.max_body_bytes                           = 1000000
	rpc.max_header_bytes                         = 1048576
	rpc.max_open_connections                     = 900
	rpc.max_subscription_clients                 = 100
	rpc.max_subscriptions_per_client             = 1000
	rpc.rate-limit-api                           = 
	rpc.rate-limit-burst                         = 1
	rpc.rate-limit-count                         = 0
	rpc.timeout_broadcast_tx_commit              = 10s
	rpc.tls_cert_file                            = 
	rpc.tls_key_file                             = 
	rpc.tmrpc_application_name                   = 
	rpc.tmrpc_nacos_namespace_id                 = 
	rpc.tmrpc_nacos_urls                         = 
	rpc.unsafe                                   = false
	signature-cache-size                         = 200000
	trace                                        = false
	trace-store                                  = 
	trie.account-store-cache                     = 32
	trie.cache-size                              = 2048
	trie.dirty-disabled                          = false
	trie.imgs-limit                              = 4
	trie.nodes-limit                             = 256
	trie.rocksdb-batch-size                      = 10
	trie.use-composite-key                       = false
	trie.write-ahead                             = false
	tx-pool-cap                                  = 10000
	tx_index.index_all_keys                      = true
	tx_index.index_keys                          = 
	tx_index.indexer                             = kv
	unsafe-skip-upgrades                         = []
	upload-delta                                 = false
	wasm.memory_cache_size                       = 100
	wasm.query_gas_limit                         = 3000000
	wasm.simulation_gas_limit                    = 
	ws.max_connections                           = 20000
	ws.sub_channel_length                        = 100
	wsport                                       = 8546
. module=main 
